<html>
<body>
<pre>
<h1>µVision Build Log</h1>
<h2>Tool Versions:</h2>
IDE-Version: ¶ÃVision V5.31.0.0
Copyright (C) 2020 ARM Ltd and ARM Germany GmbH. All rights reserved.
License Information: ÷Ï ”Í∆Î, Southeast University, LIC=UJWSB-2BDT8-X7QRZ-JIZ2V-9SM40-95YNA
 
Tool Versions:
Toolchain:       MDK-ARM Plus  Version: 5.31.0.0
Toolchain Path:  D:\keil\ARM\ARMCC\Bin
C Compiler:      Armcc.exe V5.06 update 6 (build 750)
Assembler:       Armasm.exe V5.06 update 6 (build 750)
Linker/Locator:  ArmLink.exe V5.06 update 6 (build 750)
Library Manager: ArmAr.exe V5.06 update 6 (build 750)
Hex Converter:   FromElf.exe V5.06 update 6 (build 750)
CPU DLL:         SARMCM3.DLL V5.31.0.0
Dialog DLL:      DARMSTM.DLL V1.68.0.0
Target DLL:      Segger\JL2CM3.dll V2.99.38.0
Dialog DLL:      TARMSTM.DLL V1.66.0.0
 
<h2>Project:</h2>
C:\Users\10128\Documents\GitHub\STM32F103C8_TFT_test\QDtech_TFT.uvprojx
Project File Date:  08/02/2020

<h2>Output:</h2>
*** Using Compiler 'V5.06 update 6 (build 750)', folder: 'D:\keil\ARM\ARMCC\Bin'
Rebuild target 'Target 1'
Note: source file '.\user\stm32f10x_it.c' - object file renamed from '.\Obj\stm32f10x_it.o' to '.\Obj\stm32f10x_it_1.o'.
assembling startup_stm32f10x_hd.s...
compiling delay.c...
compiling Lcd_Driver.c...
compiling main.c...
compiling stm32f10x_it.c...
compiling QDTFT_demo.c...
compiling GUI.c...
compiling stm32f10x_exti.c...
compiling led.c...
compiling misc.c...
compiling core_cm3.c...
compiling usart1.c...
compiling stm32f10x_gpio.c...
compiling stm32f10x_usart.c...
compiling stm32f10x_rcc.c...
compiling system_stm32f10x.c...
linking...
Program Size: Code=9828 RO-data=10152 RW-data=40 ZI-data=512  
FromELF: creating hex file...
".\Obj\STM32-FD-FLASHLED.axf" - 0 Error(s), 0 Warning(s).

<h2>Software Packages used:</h2>

Package Vendor: ARM
                http://www.keil.com/pack/ARM.CMSIS.5.7.0.pack
                ARM.CMSIS.5.7.0
                CMSIS (Cortex Microcontroller Software Interface Standard)
   * Component: CORE Version: 5.4.0

Package Vendor: Keil
                http://www.keil.com/pack/Keil.STM32F1xx_DFP.2.3.0.pack
                Keil.STM32F1xx_DFP.2.3.0
                STMicroelectronics STM32F1 Series Device Support, Drivers and Examples

<h2>Collection of Component include folders:</h2>
  .\RTE\_Target_1
  C:\Users\10128\AppData\Local\Arm\Packs\ARM\CMSIS\5.7.0\CMSIS\Core\Include
  C:\Users\10128\AppData\Local\Arm\Packs\Keil\STM32F1xx_DFP\2.3.0\Device\Include

<h2>Collection of Component Files used:</h2>

   * Component: ARM::CMSIS:CORE:5.4.0
Build Time Elapsed:  00:00:02
</pre>
</body>
</html>
